// Jest Snapshot v1, https://goo.gl/fbAQLP

exports[`Testa o componente PostCreate Snapshot 1`] = `
<form
  className="sc-fzXfMD jodrTC"
/>
`;
