// Jest Snapshot v1, https://goo.gl/fbAQLP

exports[`Testa o componente ListTask Snapshot 1`] = `
<div
  className="MuiGrid-root"
/>
`;
