// Jest Snapshot v1, https://goo.gl/fbAQLP

exports[`Testar o InputTask Snapshot 1`] = `
<div
  className="MuiGrid-root"
/>
`;
